yummyanime.org
missav123.com
pornolab.net
2ip.ru
nsfwmonster.com
lordserial.run
rovio.com
rovio-cdn.net
rovio.zendesk.com
rovio-static.com
intel.com
www.intel.com
intel.com.com
arkoselabs.com
sony.com
redgifs.com
spankbang.com
pythonanywhere.com
winsetupfromusb.com
zenmatchgame.com
jable.tv
javtsunami.com
redtube.com
anime.com
amazonaws.com
vsassets.io
githubusercontent.com
reddit.com
linked.com
fastpic.org
computeruniverse.net
oaiusercontent.com
epawg.com
whatsapp.com
whatsapp.net
wa.me
wl.co
whatsapp.biz
